// Jest Snapshot v1, https://goo.gl/fbAQLP

exports[`matches snapshot 1`] = `
<DocumentFragment>
  <div>
    <h3>
      Todo List
    </h3>
    <form>
      <label
        for="task"
      >
        Task
      </label>
      <input
        id="task"
        name="task"
        placeholder="task"
        type="text"
        value=""
      />
      <button>
        Add Todo!
      </button>
    </form>
    <ul
      class="todolist"
    />
  </div>
</DocumentFragment>
`;
